User@DESKTOP-P2R0D5K MINGW64 ~
$ cd desktop

User@DESKTOP-P2R0D5K MINGW64 ~/desktop
$ dir
AIDA64\ Extreme.lnk
Assassin's\ Creed\ II.url
Autodesk\ Fusion\ 360.lnk
Batman™\ Arkham\ Knight.url
Call\ of\ Duty\ -\ Advanced\ Warfare.lnk
Call\ of\ Duty\ 4\ -\ Modern\ Warfare.lnk
Counter\ Strike\ 1.6.lnk
Counter-Strike\ Global\ Offensive.url
Discord.lnk
Embarcadero\ Dev-C++.lnk
Fortnite.url
Grand\ Theft\ Auto\ V.url
HITMAN.url
Just\ Cause\ 4.url
MSI\ Afterburner.lnk
NCALayer.lnk
PUBG\ BATTLEGROUNDS.url
Phasmophobia.url
Rise\ of\ the\ Tomb\ Raider\ 20\ Year\ Celebration.url
The\ Sims™\ 4.url
Tomb\ Raider.url
Visual\ Studio\ Code.lnk
WATCH_DOGS®\ 2.url
Watch_Dogs.exe
desktop.ini
hello.py
my
p1.py
pycharm
~$кумент\ Microsoft\ Word\ (2).docx
~$сабақ\ 4\ тоқсан\ дүниежүзі\ тарихы\ \ 9сынып.docx
µTorrent.lnk
ЗВЁЗДНЫЕ\ ВОЙНЫ\ Джедаи\ Павший\ Орден™.url
Этот\ компьютер.lnk
документы\ мама

User@DESKTOP-P2R0D5K MINGW64 ~/desktop
$ cd pycharm

User@DESKTOP-P2R0D5K MINGW64 ~/desktop/pycharm
$ dir
PyCharm\ Community\ Edition\ 2022.2.3  pythonProject1
pp2-22B031095                          pythonProject2
project                                pythonProjectTSIS
pycharm-community-2022.2.3.exe         pythondatatypes.py
pythonProject

User@DESKTOP-P2R0D5K MINGW64 ~/desktop/pycharm
$ cc pp2-22B031095
bash: cc: command not found

User@DESKTOP-P2R0D5K MINGW64 ~/desktop/pycharm
$ cd pp2-22B031095

User@DESKTOP-P2R0D5K MINGW64 ~/desktop/pycharm/pp2-22B031095 (style)
$ dir
1task  Stepic  gitHowto  tsis1

User@DESKTOP-P2R0D5K MINGW64 ~/desktop/pycharm/pp2-22B031095 (style)
$ hit init
bash: hit: command not found

User@DESKTOP-P2R0D5K MINGW64 ~/desktop/pycharm/pp2-22B031095 (style)
$ git init
Reinitialized existing Git repository in C:/Users/User/Desktop/pycharm/pp2-22B031095/.git/

User@DESKTOP-P2R0D5K MINGW64 ~/desktop/pycharm/pp2-22B031095 (style)
$ git status
On branch style
Changes to be committed:
  (use "git restore --staged <file>..." to unstage)
        new file:   Stepic/MAth.py
        new file:   Stepic/string.py
        new file:   tsis1/Stepic/__init__.py
        new file:   tsis1/howyo/git_tutorial/files/lab_03/hello.html
        new file:   tsis1/howyo/git_tutorial/files/lab_05/hello.html
        new file:   tsis1/howyo/git_tutorial/files/lab_10/hello.html
        new file:   tsis1/howyo/git_tutorial/files/lab_20/hello.html
        new file:   tsis1/howyo/git_tutorial/files/lab_24/index.html
        new file:   tsis1/howyo/git_tutorial/files/lab_24/lib/hello.html
        new file:   tsis1/howyo/git_tutorial/files/lab_25/index.html
        new file:   tsis1/howyo/git_tutorial/files/lab_25/lib/hello.html
        new file:   tsis1/howyo/git_tutorial/files/lab_25/lib/style.css
        new file:   tsis1/howyo/git_tutorial/files/lab_30/README
        new file:   tsis1/howyo/git_tutorial/files/lab_30/index.html
        new file:   tsis1/howyo/git_tutorial/files/lab_30/lib/hello.html
        new file:   tsis1/howyo/git_tutorial/files/lab_30/lib/style.css
        new file:   tsis1/howyo/git_tutorial/files/lab_35/README
        new file:   tsis1/howyo/git_tutorial/files/lab_35/index.html
        new file:   tsis1/howyo/git_tutorial/files/lab_35/lib/hello.html
        new file:   tsis1/howyo/git_tutorial/files/lab_35/lib/style.css
        new file:   tsis1/howyo/git_tutorial/files/lab_45/README
        new file:   tsis1/howyo/git_tutorial/files/lab_45/index.html
        new file:   tsis1/howyo/git_tutorial/files/lab_45/lib/hello.html
        new file:   tsis1/howyo/git_tutorial/files/lab_45/lib/style.css
        new file:   tsis1/howyo/git_tutorial/files/lab_50/README
        new file:   tsis1/howyo/git_tutorial/files/lab_50/index.html
        new file:   tsis1/howyo/git_tutorial/files/lab_50/lib/hello.html
        new file:   tsis1/howyo/git_tutorial/files/lab_50/lib/style.css
        new file:   tsis1/howyo/git_tutorial/work/hello.html

Changes not staged for commit:
  (use "git add <file>..." to update what will be committed)
  (use "git restore <file>..." to discard changes in working directory)
        modified:   Stepic/MAth.py
        modified:   Stepic/string.py

Untracked files:
  (use "git add <file>..." to include in what will be committed)
        .idea/
        1task/
        Stepic/.idea/
        Stepic/main.py
        gitHowto/


User@DESKTOP-P2R0D5K MINGW64 ~/desktop/pycharm/pp2-22B031095 (style)
$ git restore .

User@DESKTOP-P2R0D5K MINGW64 ~/desktop/pycharm/pp2-22B031095 (style)
$ git status
On branch style
Changes to be committed:
  (use "git restore --staged <file>..." to unstage)
        new file:   Stepic/MAth.py
        new file:   Stepic/string.py
        new file:   tsis1/Stepic/__init__.py
        new file:   tsis1/howyo/git_tutorial/files/lab_03/hello.html
        new file:   tsis1/howyo/git_tutorial/files/lab_05/hello.html
        new file:   tsis1/howyo/git_tutorial/files/lab_10/hello.html
        new file:   tsis1/howyo/git_tutorial/files/lab_20/hello.html
        new file:   tsis1/howyo/git_tutorial/files/lab_24/index.html
        new file:   tsis1/howyo/git_tutorial/files/lab_24/lib/hello.html
        new file:   tsis1/howyo/git_tutorial/files/lab_25/index.html
        new file:   tsis1/howyo/git_tutorial/files/lab_25/lib/hello.html
        new file:   tsis1/howyo/git_tutorial/files/lab_25/lib/style.css
        new file:   tsis1/howyo/git_tutorial/files/lab_30/README
        new file:   tsis1/howyo/git_tutorial/files/lab_30/index.html
        new file:   tsis1/howyo/git_tutorial/files/lab_30/lib/hello.html
        new file:   tsis1/howyo/git_tutorial/files/lab_30/lib/style.css
        new file:   tsis1/howyo/git_tutorial/files/lab_35/README
        new file:   tsis1/howyo/git_tutorial/files/lab_35/index.html
        new file:   tsis1/howyo/git_tutorial/files/lab_35/lib/hello.html
        new file:   tsis1/howyo/git_tutorial/files/lab_35/lib/style.css
        new file:   tsis1/howyo/git_tutorial/files/lab_45/README
        new file:   tsis1/howyo/git_tutorial/files/lab_45/index.html
        new file:   tsis1/howyo/git_tutorial/files/lab_45/lib/hello.html
        new file:   tsis1/howyo/git_tutorial/files/lab_45/lib/style.css
        new file:   tsis1/howyo/git_tutorial/files/lab_50/README
        new file:   tsis1/howyo/git_tutorial/files/lab_50/index.html
        new file:   tsis1/howyo/git_tutorial/files/lab_50/lib/hello.html
        new file:   tsis1/howyo/git_tutorial/files/lab_50/lib/style.css
        new file:   tsis1/howyo/git_tutorial/work/hello.html

Untracked files:
  (use "git add <file>..." to include in what will be committed)
        .idea/
        1task/
        Stepic/.idea/
        Stepic/main.py
        gitHowto/


User@DESKTOP-P2R0D5K MINGW64 ~/desktop/pycharm/pp2-22B031095 (style)
$ git restore --staged .

User@DESKTOP-P2R0D5K MINGW64 ~/desktop/pycharm/pp2-22B031095 (style)
$ git status
On branch style
Untracked files:
  (use "git add <file>..." to include in what will be committed)
        .idea/
        1task/
        Stepic/
        gitHowto/
        tsis1/Stepic/
        tsis1/howyo/

nothing added to commit but untracked files present (use "git add" to track)

User@DESKTOP-P2R0D5K MINGW64 ~/desktop/pycharm/pp2-22B031095 (style)
$ git add tsis1
warning: in the working copy of 'tsis1/howyo/git_tutorial/files/lab_30/README', LF will be replaced by CRLF the next time Git touches it
warning: in the working copy of 'tsis1/howyo/git_tutorial/files/lab_35/README', LF will be replaced by CRLF the next time Git touches it
warning: in the working copy of 'tsis1/howyo/git_tutorial/files/lab_45/README', LF will be replaced by CRLF the next time Git touches it
warning: in the working copy of 'tsis1/howyo/git_tutorial/files/lab_50/README', LF will be replaced by CRLF the next time Git touches it

